../Core/Src/main.c:116:6:HAL_TIM_PeriodElapsedCallback	32	static
../Core/Src/main.c:166:6:HAL_UART_RxCpltCallback	24	static
../Core/Src/main.c:206:6:HAL_GPIO_EXTI_Callback	24	static
../Core/Src/main.c:270:5:main	8	static
../Core/Src/main.c:343:6:SystemClock_Config	80	static
../Core/Src/main.c:382:13:MX_TIM3_Init	64	static
../Core/Src/main.c:431:13:MX_TIM6_Init	8	static
../Core/Src/main.c:461:13:MX_TIM16_Init	72	static
../Core/Src/main.c:523:13:MX_USART2_UART_Init	8	static
../Core/Src/main.c:558:13:MX_GPIO_Init	56	static
../Core/Src/main.c:602:6:Error_Handler	8	static,ignoring_inline_asm
