../Core/Src/main.c:156:6:HAL_TIM_PeriodElapsedCallback	32	static
../Core/Src/main.c:207:6:HAL_GPIO_EXTI_Callback	16	static
../Core/Src/main.c:250:6:HAL_UART_RxCpltCallback	32	static
../Core/Src/main.c:453:6:HAL_UART_TxCpltCallback	16	static
../Core/Src/main.c:491:5:main	8	static
../Core/Src/main.c:590:6:SystemClock_Config	80	static
../Core/Src/main.c:629:13:MX_TIM1_Init	64	static
../Core/Src/main.c:679:13:MX_TIM3_Init	64	static
../Core/Src/main.c:728:13:MX_TIM6_Init	8	static
../Core/Src/main.c:758:13:MX_TIM14_Init	40	static
../Core/Src/main.c:804:13:MX_TIM16_Init	72	static
../Core/Src/main.c:866:13:MX_TIM17_Init	72	static
../Core/Src/main.c:928:13:MX_USART2_UART_Init	8	static
../Core/Src/main.c:963:13:MX_USART3_UART_Init	8	static
../Core/Src/main.c:998:13:MX_GPIO_Init	56	static
../Core/Src/main.c:1052:6:Error_Handler	8	static,ignoring_inline_asm
